Γû▓ Next.js 16.1.6 (Turbopack)

  Creating an optimized production build ...
node.exe : 
At line:1 char:1
+ & "C:\Program 
Files\nodejs/node.exe" 
"C:\Program 
Files\nodejs/node_mo ...
+ ~~~~~~~~~~~~~~~~~~~~~~~~~~~
~~~~~~~~~~~~~~~~~~~~~~~~~~~~~
~~~~~~~~~~~~~
    + CategoryInfo           
   : NotSpecified: (:String  
  ) [], RemoteException
    + FullyQualifiedErrorId  
   : NativeCommandError
 
> Build error occurred
Error: Turbopack build 
failed with 1 errors:
./src/app/interview/live/page
.tsx:33:30
Parsing ecmascript source 
code failed
[0m [90m 31 |[39m       
[32m'How does your team 
currently generate and 
qualify 
leads?'[39m[33m,[39m
 [90m 32 |[39m       
[32m'What processes are 
still manual that frustrate 
your team?'[39m[33m,[39m
[31m[1m>[22m[39m[90m 33 
|[39m       [32m'Where do 
you feel you'[39mre leaving 
money on the 
table[33m?[39m[32m',[39m
 [90m    |[39m             
                 [31m[1m^[
22m[39m[31m[1m^[22m[39m
 [90m 34 |[39m       
[32m'What tools or tech do 
you wish you had?'[39m
 [90m 35 |[39m     ]
 [90m 36 |[39m   
}[33m,[39m[0m

Expected ',', got 'ident'


    at <unknown> (./src/app/i
nterview/live/page.tsx:33:30)
