src/components/ui/interview-card.tsx(3,75): error TS2307: Cannot find module '@/components/ui/card' or its corresponding type declarations.
